ASxxxx Linker V03.00 + NoICE + sdld,  page 1.
Hexadecimal  [32-Bits]

Area                                    Addr        Size        Decimal Bytes (Attributes)
--------------------------------        ----        ----        ------- ----- ------------
XABS2                               00000000    00000004 =           4. bytes (ABS,CON,XDATA)

      Value  Global                              Global Defined In Module
      -----  --------------------------------   ------------------------
D:   00000000  l_BSEG                          
D:   00000000  l_BSEG_BYTES                    
D:   00000000  l_CABS                          
D:   00000000  l_GSINIT1                       
D:   00000000  l_GSINIT5                       
D:   00000000  l_IABS                          
D:   00000000  l_ISEG                          
D:   00000000  l_OSEG                          
D:   00000000  l_PSEG                          
D:   00000000  l_REG_BANK_1                    
D:   00000000  l_REG_BANK_2                    
D:   00000000  l_REG_BANK_3                    
D:   00000000  l_RSEG                          
D:   00000000  l_RSEG0                         
D:   00000000  l_RSEG1                         
D:   00000000  l_XABS                          
D:   00000000  l__CODE                         
D:   00000000  s_BSEG                          
D:   00000000  s_CABS                          
D:   00000000  s_DSEG                          
D:   00000000  s_HOME                          
D:   00000000  s_IABS                          
D:   00000000  s_ISEG                          
D:   00000000  s_PSEG                          
D:   00000000  s_REG_BANK_0                    
D:   00000000  s_RSEG                          
D:   00000000  s_RSEG0                         
D:   00000000  s_RSEG1                         
D:   00000000  s_XABS                          
D:   00000000  s_XABS2                         
D:   00000000  s_XSEG                          
D:   00000001  l_BIT_BANK                      
D:   00000003  l_GSFINAL                       
D:   00000003  l_GSINIT0                       
D:   00000004  l_XABS2                         
D:   00000008  l_REG_BANK_0                    
D:   00000008  s_REG_BANK_1                    
D:   0000000A  l_GSINIT2                       
D:   00000010  s_REG_BANK_2                    
D:   00000018  s_REG_BANK_3                    
D:   0000001D  l_GSINIT                        
D:   00000020  s_BIT_BANK                      
D:   00000020  s_BSEG_BYTES                    
D:   00000020  s_OSEG                          
D:   00000020  s__CODE                         
D:   00000021  s_SSEG                          
D:   00000022  l_GSINIT3                       
D:   0000002A  l_GSINIT4                       
D:   00000074  l_DSEG                          
D:   000000A1  l_HOME                          
ASxxxx Linker V03.00 + NoICE + sdld,  page 2.
Hexadecimal  [32-Bits]

Area                                    Addr        Size        Decimal Bytes (Attributes)
--------------------------------        ----        ----        ------- ----- ------------
XABS2                               00000000    00000004 =           4. bytes (ABS,CON,XDATA)

      Value  Global                              Global Defined In Module
      -----  --------------------------------   ------------------------
D:   000000A1  s_GSINIT0                       
D:   000000A3  l_XINIT                         
D:   000000A3  l_XISEG                         
D:   000000A4  s_GSINIT1                       
D:   000000A4  s_GSINIT2                       
D:   000000AE  s_GSINIT3                       
D:   000000D0  s_GSINIT4                       
D:   000000DF  l_SSEG                          
D:   000000FA  s_GSINIT                        
D:   000000FA  s_GSINIT5                       
D:   00000100  l_IRAM                          
D:   00000117  s_GSFINAL                       
D:   0000011A  s_CSEG                          
D:   0000013F  l_CONST                         
D:   00000AB8  l_XSEG                          
D:   00000ABC  s_XISEG                         
D:   0000A192  l_CSEG                          
D:   0000A2AC  s_CONST                         
D:   0000A3EB  s_XINIT                         
ASxxxx Linker V03.00 + NoICE + sdld,  page 3.
Hexadecimal  [32-Bits]

Area                                    Addr        Size        Decimal Bytes (Attributes)
--------------------------------        ----        ----        ------- ----- ------------
.  .ABS.                            00000000    00000000 =           0. bytes (ABS,CON)

      Value  Global                              Global Defined In Module
      -----  --------------------------------   ------------------------
     00000000  .__.ABS.                           _divuint
     00000080  _P0                                adc_sensor
     00000080  _P0_0                              adc_sensor
     00000081  _P0_1                              adc_sensor
     00000081  _SP                                adc_sensor
     00000082  _DPL0                              adc_sensor
     00000082  _P0_2                              adc_sensor
     00000083  _DPH0                              adc_sensor
     00000083  _P0_3                              adc_sensor
     00000084  _DPL1                              adc_sensor
     00000084  _P0_4                              adc_sensor
     00000085  _DPH1                              adc_sensor
     00000085  _P0_5                              adc_sensor
     00000086  _P0_6                              adc_sensor
     00000086  _U0CSR                             adc_sensor
     00000087  _P0_7                              adc_sensor
     00000087  _PCON                              adc_sensor
     00000088  _IT0                               adc_sensor
     00000088  _TCON                              adc_sensor
     00000089  _P0IFG                             adc_sensor
     00000089  _RFERRIF                           adc_sensor
     0000008A  _IT1                               adc_sensor
     0000008A  _P1IFG                             adc_sensor
     0000008B  _P2IFG                             adc_sensor
     0000008B  _URX0IF                            adc_sensor
     0000008C  _PICTL                             adc_sensor
     0000008D  _ADCIF                             adc_sensor
     0000008D  _P1IEN                             adc_sensor
     0000008F  _P0INP                             adc_sensor
     0000008F  _URX1IF                            adc_sensor
     00000090  _P1                                adc_sensor
     00000090  _P1_0                              adc_sensor
     00000091  _P1_1                              adc_sensor
     00000091  _RFIRQF1                           adc_sensor
     00000092  _DPS                               adc_sensor
     00000092  _P1_2                              adc_sensor
     00000093  _MPAGE                             adc_sensor
     00000093  _P1_3                              adc_sensor
     00000093  __XPAGE                            adc_sensor
     00000094  _P1_4                              adc_sensor
     00000094  _T2CTRL                            adc_sensor
     00000095  _P1_5                              adc_sensor
     00000095  _ST0                               adc_sensor
     00000096  _P1_6                              adc_sensor
     00000096  _ST1                               adc_sensor
     00000097  _P1_7                              adc_sensor
     00000097  _ST2                               adc_sensor
     00000098  _ENCIF_0                           adc_sensor
     00000098  _S0CON                             adc_sensor
     00000099  _ENCIF_1                           adc_sensor
ASxxxx Linker V03.00 + NoICE + sdld,  page 4.
Hexadecimal  [32-Bits]

Area                                    Addr        Size        Decimal Bytes (Attributes)
--------------------------------        ----        ----        ------- ----- ------------
.  .ABS.                            00000000    00000000 =           0. bytes (ABS,CON)

      Value  Global                              Global Defined In Module
      -----  --------------------------------   ------------------------
     0000009A  _IEN2                              adc_sensor
     0000009B  _S1CON                             adc_sensor
     0000009C  _T2EVTCFG                          adc_sensor
     0000009D  _SLEEPSTA                          adc_sensor
     0000009E  _CLKCONSTA                         adc_sensor
     0000009F  _FMAP                              adc_sensor
     0000009F  _PSBANK                            adc_sensor
     000000A0  _P2                                adc_sensor
     000000A0  _P2_0                              adc_sensor
     000000A1  _P2_1                              adc_sensor
     000000A1  _T2IRQF                            adc_sensor
     000000A2  _P2_2                              adc_sensor
     000000A2  _T2M0                              adc_sensor
     000000A3  _P2_3                              adc_sensor
     000000A3  _T2M1                              adc_sensor
     000000A4  _P2_4                              adc_sensor
     000000A4  _T2MOVF0                           adc_sensor
     000000A5  _P2_5                              adc_sensor
     000000A5  _T2MOVF1                           adc_sensor
     000000A6  _P2_6                              adc_sensor
     000000A6  _T2MOVF2                           adc_sensor
     000000A7  _P2_7                              adc_sensor
     000000A7  _T2IRQM                            adc_sensor
     000000A8  _IEN0                              adc_sensor
     000000A8  _RFERRIE                           adc_sensor
     000000A9  _ADCIE                             adc_sensor
     000000A9  _IP0                               adc_sensor
     000000AA  _URX0IE                            adc_sensor
     000000AB  _P0IEN                             adc_sensor
     000000AB  _URX1IE                            adc_sensor
     000000AC  _ENCIE                             adc_sensor
     000000AC  _P2IEN                             adc_sensor
     000000AD  _STIE                              adc_sensor
     000000AD  _STLOAD                            adc_sensor
     000000AE  _PMUX                              adc_sensor
     000000AF  _EA                                adc_sensor
     000000AF  _T1STAT                            adc_sensor
     000000B1  _ENCDI                             adc_sensor
     000000B2  _ENCDO                             adc_sensor
     000000B3  _ENCCS                             adc_sensor
     000000B4  _ADCCON1                           adc_sensor
     000000B5  _ADCCON2                           adc_sensor
     000000B6  _ADCCON3                           adc_sensor
     000000B8  _DMAIE                             adc_sensor
     000000B8  _IEN1                              adc_sensor
     000000B9  _IP1                               adc_sensor
     000000B9  _T1IE                              adc_sensor
     000000BA  _ADCL                              adc_sensor
     000000BA  _T2IE                              adc_sensor
     000000BB  _ADCH                              adc_sensor
     000000BB  _T3IE                              adc_sensor
ASxxxx Linker V03.00 + NoICE + sdld,  page 5.
Hexadecimal  [32-Bits]

Area                                    Addr        Size        Decimal Bytes (Attributes)
--------------------------------        ----        ----        ------- ----- ------------
.  .ABS.                            00000000    00000000 =           0. bytes (ABS,CON)

      Value  Global                              Global Defined In Module
      -----  --------------------------------   ------------------------
     000000BC  _RNDL                              adc_sensor
     000000BC  _T4IE                              adc_sensor
     000000BD  _P0IE                              adc_sensor
     000000BD  _RNDH                              adc_sensor
     000000BE  _SLEEPCMD                          adc_sensor
     000000BF  _RFERRF                            adc_sensor
     000000C0  _DMAIF                             adc_sensor
     000000C0  _IRCON                             adc_sensor
     000000C1  _T1IF                              adc_sensor
     000000C1  _U0DBUF                            adc_sensor
     000000C2  _T2IF                              adc_sensor
     000000C2  _U0BAUD                            adc_sensor
     000000C3  _T2MSEL                            adc_sensor
     000000C3  _T3IF                              adc_sensor
     000000C4  _T4IF                              adc_sensor
     000000C4  _U0UCR                             adc_sensor
     000000C5  _P0IF                              adc_sensor
     000000C5  _U0GCR                             adc_sensor
     000000C6  _CLKCONCMD                         adc_sensor
     000000C7  _MEMCTR                            adc_sensor
     000000C7  _STIF                              adc_sensor
     000000C9  _WDCTL                             adc_sensor
     000000CA  _T3CNT                             adc_sensor
     000000CB  _T3CTL                             adc_sensor
     000000CC  _T3CCTL0                           adc_sensor
     000000CD  _T3CC0                             adc_sensor
     000000CE  _T3CCTL1                           adc_sensor
     000000CF  _T3CC1                             adc_sensor
     000000D0  _P                                 adc_sensor
     000000D0  _PSW                               adc_sensor
     000000D1  _DMAIRQ                            adc_sensor
     000000D1  _F1                                adc_sensor
     000000D2  _DMA1CFGL                          adc_sensor
     000000D2  _OV                                adc_sensor
     000000D3  _DMA1CFGH                          adc_sensor
     000000D3  _RS0                               adc_sensor
     000000D4  _DMA0CFGL                          adc_sensor
     000000D4  _RS1                               adc_sensor
     000000D5  _DMA0CFGH                          adc_sensor
     000000D5  _F0                                adc_sensor
     000000D6  _AC                                adc_sensor
     000000D6  _DMAARM                            adc_sensor
     000000D7  _CY                                adc_sensor
     000000D7  _DMAREQ                            adc_sensor
     000000D8  _T3OVFIF                           adc_sensor
     000000D8  _TIMIF                             adc_sensor
     000000D9  _RFD                               adc_sensor
     000000D9  _T3CH0IF                           adc_sensor
     000000DA  _T1CC0L                            adc_sensor
     000000DA  _T3CH1IF                           adc_sensor
     000000DB  _T1CC0H                            adc_sensor
ASxxxx Linker V03.00 + NoICE + sdld,  page 6.
Hexadecimal  [32-Bits]

Area                                    Addr        Size        Decimal Bytes (Attributes)
--------------------------------        ----        ----        ------- ----- ------------
.  .ABS.                            00000000    00000000 =           0. bytes (ABS,CON)

      Value  Global                              Global Defined In Module
      -----  --------------------------------   ------------------------
     000000DB  _T4OVFIF                           adc_sensor
     000000DC  _T1CC1L                            adc_sensor
     000000DC  _T4CH0IF                           adc_sensor
     000000DD  _T1CC1H                            adc_sensor
     000000DD  _T4CH1IF                           adc_sensor
     000000DE  _OVFIM                             adc_sensor
     000000DE  _T1CC2L                            adc_sensor
     000000DF  _T1CC2H                            adc_sensor
     000000E0  _ACC                               adc_sensor
     000000E0  _ACC_0                             adc_sensor
     000000E1  _ACC_1                             adc_sensor
     000000E1  _RFST                              adc_sensor
     000000E2  _ACC_2                             adc_sensor
     000000E2  _T1CNTL                            adc_sensor
     000000E3  _ACC_3                             adc_sensor
     000000E3  _T1CNTH                            adc_sensor
     000000E4  _ACC_4                             adc_sensor
     000000E4  _T1CTL                             adc_sensor
     000000E5  _ACC_5                             adc_sensor
     000000E5  _T1CCTL0                           adc_sensor
     000000E6  _ACC_6                             adc_sensor
     000000E6  _T1CCTL1                           adc_sensor
     000000E7  _ACC_7                             adc_sensor
     000000E7  _T1CCTL2                           adc_sensor
     000000E8  _IRCON2                            adc_sensor
     000000E8  _P2IF                              adc_sensor
     000000E9  _RFIRQF0                           adc_sensor
     000000E9  _UTX0IF                            adc_sensor
     000000EA  _T4CNT                             adc_sensor
     000000EA  _UTX1IF                            adc_sensor
     000000EB  _P1IF                              adc_sensor
     000000EB  _T4CTL                             adc_sensor
     000000EC  _T4CCTL0                           adc_sensor
     000000EC  _WDTIF                             adc_sensor
     000000ED  _T4CC0                             adc_sensor
     000000EE  _T4CCTL1                           adc_sensor
     000000EF  _T4CC1                             adc_sensor
     000000F0  _B                                 adc_sensor
     000000F0  _B_0                               adc_sensor
     000000F1  _B_1                               adc_sensor
     000000F1  _PERCFG                            adc_sensor
     000000F2  _APCFG                             adc_sensor
     000000F2  _B_2                               adc_sensor
     000000F3  _B_3                               adc_sensor
     000000F3  _P0SEL                             adc_sensor
     000000F4  _B_4                               adc_sensor
     000000F4  _P1SEL                             adc_sensor
     000000F5  _B_5                               adc_sensor
     000000F5  _P2SEL                             adc_sensor
     000000F6  _B_6                               adc_sensor
     000000F6  _P1INP                             adc_sensor
ASxxxx Linker V03.00 + NoICE + sdld,  page 7.
Hexadecimal  [32-Bits]

Area                                    Addr        Size        Decimal Bytes (Attributes)
--------------------------------        ----        ----        ------- ----- ------------
.  .ABS.                            00000000    00000000 =           0. bytes (ABS,CON)

      Value  Global                              Global Defined In Module
      -----  --------------------------------   ------------------------
     000000F7  _B_7                               adc_sensor
     000000F7  _P2INP                             adc_sensor
     000000F8  _ACTIVE                            adc_sensor
     000000F8  _U1CSR                             adc_sensor
     000000F9  _TX_BYTE                           adc_sensor
     000000F9  _U1DBUF                            adc_sensor
     000000FA  _RX_BYTE                           adc_sensor
     000000FA  _U1BAUD                            adc_sensor
     000000FB  _ERR                               adc_sensor
     000000FB  _U1UCR                             adc_sensor
     000000FC  _FE                                adc_sensor
     000000FC  _U1GCR                             adc_sensor
     000000FD  _P0DIR                             adc_sensor
     000000FD  _SLAVE                             adc_sensor
     000000FE  _P1DIR                             adc_sensor
     000000FE  _RE                                adc_sensor
     000000FF  _MODE                              adc_sensor
     000000FF  _P2DIR                             adc_sensor
     00006000  _RFCORE_RAM                        adc_sensor
     00006000  _RXFIFO                            adc_sensor
     00006080  _TXFIFO                            adc_sensor
     00006100  _SRC_ADDR_TABLE                    adc_sensor
     00006160  _SRCRESMASK0                       adc_sensor
     00006161  _SRCRESMASK1                       adc_sensor
     00006162  _SRCRESMASK2                       adc_sensor
     00006163  _SRCRESINDEX                       adc_sensor
     00006164  _SRCEXTPENDEN0                     adc_sensor
     00006165  _SRCEXTPENDEN1                     adc_sensor
     00006166  _SRCEXTPENDEN2                     adc_sensor
     00006167  _SRCSHORTPENDEN0                   adc_sensor
     00006168  _SRCSHORTPENDEN1                   adc_sensor
     00006169  _SRCSHORTPENDEN2                   adc_sensor
     0000616A  _EXT_ADDR0                         adc_sensor
     0000616B  _EXT_ADDR1                         adc_sensor
     0000616C  _EXT_ADDR2                         adc_sensor
     0000616D  _EXT_ADDR3                         adc_sensor
     0000616E  _EXT_ADDR4                         adc_sensor
     0000616F  _EXT_ADDR5                         adc_sensor
     00006170  _EXT_ADDR6                         adc_sensor
     00006171  _EXT_ADDR7                         adc_sensor
     00006172  _PAN_ID0                           adc_sensor
     00006173  _PAN_ID1                           adc_sensor
     00006174  _SHORT_ADDR0                       adc_sensor
     00006175  _SHORT_ADDR1                       adc_sensor
     00006180  _FRMFILT0                          adc_sensor
     00006181  _FRMFILT1                          adc_sensor
     00006182  _SRCMATCH                          adc_sensor
     00006183  _SRCSHORTEN0                       adc_sensor
     00006184  _SRCSHORTEN1                       adc_sensor
     00006185  _SRCSHORTEN2                       adc_sensor
     00006186  _SRCEXTEN0                         adc_sensor
ASxxxx Linker V03.00 + NoICE + sdld,  page 8.
Hexadecimal  [32-Bits]

Area                                    Addr        Size        Decimal Bytes (Attributes)
--------------------------------        ----        ----        ------- ----- ------------
.  .ABS.                            00000000    00000000 =           0. bytes (ABS,CON)

      Value  Global                              Global Defined In Module
      -----  --------------------------------   ------------------------
     00006187  _SRCEXTEN1                         adc_sensor
     00006188  _SRCEXTEN2                         adc_sensor
     00006189  _FRMCTRL0                          adc_sensor
     0000618A  _FRMCTRL1                          adc_sensor
     0000618B  _RXENABLE                          adc_sensor
     0000618C  _RXMASKSET                         adc_sensor
     0000618D  _RXMASKCLR                         adc_sensor
     0000618E  _FREQTUNE                          adc_sensor
     0000618F  _FREQCTRL                          adc_sensor
     00006190  _TXPOWER                           adc_sensor
     00006191  _TXCTRL                            adc_sensor
     00006192  _FSMSTAT0                          adc_sensor
     00006193  _FSMSTAT1                          adc_sensor
     00006194  _FIFOPCTRL                         adc_sensor
     00006195  _FSMCTRL                           adc_sensor
     00006196  _CCACTRL0                          adc_sensor
     00006197  _CCACTRL1                          adc_sensor
     00006198  _RSSI                              adc_sensor
     00006199  _RSSISTAT                          adc_sensor
     0000619A  _RXFIRST                           adc_sensor
     0000619B  _RXFIFOCNT                         adc_sensor
     0000619C  _TXFIFOCNT                         adc_sensor
     0000619D  _RXFIRST_PTR                       adc_sensor
     0000619E  _RXLAST_PTR                        adc_sensor
     0000619F  _RXP1_PTR                          adc_sensor
     000061A1  _TXFIRST_PTR                       adc_sensor
     000061A2  _TXLAST_PTR                        adc_sensor
     000061A3  _RFIRQM0                           adc_sensor
     000061A4  _RFIRQM1                           adc_sensor
     000061A5  _RFERRM                            adc_sensor
     000061A6  _MONMUX                            adc_sensor
     000061A6  _OPAMPMC                           adc_sensor
     000061A7  _RFRND                             adc_sensor
     000061A8  _MDMCTRL0                          adc_sensor
     000061A9  _MDMCTRL1                          adc_sensor
     000061AA  _FREQEST                           adc_sensor
     000061AB  _RXCTRL                            adc_sensor
     000061AC  _FSCTRL                            adc_sensor
     000061AD  _FSCAL0                            adc_sensor
     000061AE  _FSCAL1                            adc_sensor
     000061AF  _FSCAL2                            adc_sensor
     000061B0  _FSCAL3                            adc_sensor
     000061B1  _AGCCTRL0                          adc_sensor
     000061B2  _AGCCTRL1                          adc_sensor
     000061B3  _AGCCTRL2                          adc_sensor
     000061B4  _AGCCTRL3                          adc_sensor
     000061B5  _ADCTEST0                          adc_sensor
     000061B6  _ADCTEST1                          adc_sensor
     000061B7  _ADCTEST2                          adc_sensor
     000061B8  _MDMTEST0                          adc_sensor
     000061B9  _MDMTEST1                          adc_sensor
ASxxxx Linker V03.00 + NoICE + sdld,  page 9.
Hexadecimal  [32-Bits]

Area                                    Addr        Size        Decimal Bytes (Attributes)
--------------------------------        ----        ----        ------- ----- ------------
.  .ABS.                            00000000    00000000 =           0. bytes (ABS,CON)

      Value  Global                              Global Defined In Module
      -----  --------------------------------   ------------------------
     000061BA  _DACTEST0                          adc_sensor
     000061BB  _DACTEST1                          adc_sensor
     000061BC  _DACTEST2                          adc_sensor
     000061BD  _ATEST                             adc_sensor
     000061BE  _PTEST0                            adc_sensor
     000061BF  _PTEST1                            adc_sensor
     000061C0  _CSPPROG0                          adc_sensor
     000061C1  _CSPPROG1                          adc_sensor
     000061C2  _CSPPROG2                          adc_sensor
     000061C3  _CSPPROG3                          adc_sensor
     000061C4  _CSPPROG4                          adc_sensor
     000061C5  _CSPPROG5                          adc_sensor
     000061C6  _CSPPROG6                          adc_sensor
     000061C7  _CSPPROG7                          adc_sensor
     000061C8  _CSPPROG8                          adc_sensor
     000061C9  _CSPPROG9                          adc_sensor
     000061CA  _CSPPROG10                         adc_sensor
     000061CB  _CSPPROG11                         adc_sensor
     000061CC  _CSPPROG12                         adc_sensor
     000061CD  _CSPPROG13                         adc_sensor
     000061CE  _CSPPROG14                         adc_sensor
     000061CF  _CSPPROG15                         adc_sensor
     000061D0  _CSPPROG16                         adc_sensor
     000061D1  _CSPPROG17                         adc_sensor
     000061D2  _CSPPROG18                         adc_sensor
     000061D3  _CSPPROG19                         adc_sensor
     000061D4  _CSPPROG20                         adc_sensor
     000061D5  _CSPPROG21                         adc_sensor
     000061D6  _CSPPROG22                         adc_sensor
     000061D7  _CSPPROG23                         adc_sensor
     000061E0  _CSPCTRL                           adc_sensor
     000061E1  _CSPSTAT                           adc_sensor
     000061E2  _CSPX                              adc_sensor
     000061E3  _CSPY                              adc_sensor
     000061E4  _CSPZ                              adc_sensor
     000061E5  _CSPT                              adc_sensor
     000061EB  _RFC_OBS_CTRL0                     adc_sensor
     000061EC  _RFC_OBS_CTRL1                     adc_sensor
     000061ED  _RFC_OBS_CTRL2                     adc_sensor
     000061FA  _TXFILTCFG                         adc_sensor
     00006200  _USBADDR                           adc_sensor
     00006201  _USBPOW                            adc_sensor
     00006202  _USBIIF                            adc_sensor
     00006204  _USBOIF                            adc_sensor
     00006206  _USBCIF                            adc_sensor
     00006207  _USBIIE                            adc_sensor
     00006209  _USBOIE                            adc_sensor
     0000620B  _USBCIE                            adc_sensor
     0000620C  _USBFRML                           adc_sensor
     0000620D  _USBFRMH                           adc_sensor
     0000620E  _USBINDEX                          adc_sensor
ASxxxx Linker V03.00 + NoICE + sdld,  page 10.
Hexadecimal  [32-Bits]

Area                                    Addr        Size        Decimal Bytes (Attributes)
--------------------------------        ----        ----        ------- ----- ------------
.  .ABS.                            00000000    00000000 =           0. bytes (ABS,CON)

      Value  Global                              Global Defined In Module
      -----  --------------------------------   ------------------------
     0000620F  _USBCTRL                           adc_sensor
     00006210  _USBMAXI                           adc_sensor
     00006211  _USBCS0                            adc_sensor
     00006211  _USBCSIL                           adc_sensor
     00006212  _USBCSIH                           adc_sensor
     00006213  _USBMAXO                           adc_sensor
     00006214  _USBCSOL                           adc_sensor
     00006215  _USBCSOH                           adc_sensor
     00006216  _USBCNT0                           adc_sensor
     00006216  _USBCNTL                           adc_sensor
     00006217  _USBCNTH                           adc_sensor
     00006220  _USBF0                             adc_sensor
     00006222  _USBF1                             adc_sensor
     00006224  _USBF2                             adc_sensor
     00006226  _USBF3                             adc_sensor
     00006228  _USBF4                             adc_sensor
     0000622A  _USBF5                             adc_sensor
     00006230  _I2CCFG                            adc_sensor
     00006231  _I2CSTAT                           adc_sensor
     00006232  _I2CDATA                           adc_sensor
     00006233  _I2CADDR                           adc_sensor
     00006234  _I2CWC                             adc_sensor
     00006235  _I2CIO                             adc_sensor
     00006243  _OBSSEL0                           adc_sensor
     00006244  _OBSSEL1                           adc_sensor
     00006245  _OBSSEL2                           adc_sensor
     00006246  _OBSSEL3                           adc_sensor
     00006247  _OBSSEL4                           adc_sensor
     00006248  _OBSSEL5                           adc_sensor
     00006249  _CHVER                             adc_sensor
     0000624A  _CHIPID                            adc_sensor
     0000624B  _TESTREG0                          adc_sensor
     00006260  _DBGDATA                           adc_sensor
     00006262  _SRCRC                             adc_sensor
     00006264  _BATTMON                           adc_sensor
     00006265  _IVCTRL                            adc_sensor
     00006270  _FCTL                              adc_sensor
     00006271  _FADDRL                            adc_sensor
     00006272  _FADDRH                            adc_sensor
     00006273  _FWDATA                            adc_sensor
     00006276  _CHIPINFO0                         adc_sensor
     00006277  _CHIPINFO1                         adc_sensor
     00006281  _IRCTL                             adc_sensor
     00006290  _CLD                               adc_sensor
     000062A0  _XX_T1CCTL0                        adc_sensor
     000062A1  _XX_T1CCTL1                        adc_sensor
     000062A2  _XX_T1CCTL2                        adc_sensor
     000062A3  _T1CCTL3                           adc_sensor
     000062A4  _T1CCTL4                           adc_sensor
     000062A6  _XX_T1CC0L                         adc_sensor
     000062A7  _XX_T1CC0H                         adc_sensor
ASxxxx Linker V03.00 + NoICE + sdld,  page 11.
Hexadecimal  [32-Bits]

Area                                    Addr        Size        Decimal Bytes (Attributes)
--------------------------------        ----        ----        ------- ----- ------------
.  .ABS.                            00000000    00000000 =           0. bytes (ABS,CON)

      Value  Global                              Global Defined In Module
      -----  --------------------------------   ------------------------
     000062A8  _XX_T1CC1L                         adc_sensor
     000062A9  _XX_T1CC1H                         adc_sensor
     000062AA  _XX_T1CC2L                         adc_sensor
     000062AB  _XX_T1CC2H                         adc_sensor
     000062AC  _T1CC3L                            adc_sensor
     000062AD  _T1CC3H                            adc_sensor
     000062AE  _T1CC4L                            adc_sensor
     000062AF  _T1CC4H                            adc_sensor
     000062B0  _STCC                              adc_sensor
     000062B1  _STCS                              adc_sensor
     000062B2  _STCV0                             adc_sensor
     000062B3  _STCV1                             adc_sensor
     000062B4  _STCV2                             adc_sensor
     000062C0  _OPAMPC                            adc_sensor
     000062C1  _OPAMPS                            adc_sensor
     000062D0  _CMPCTL                            adc_sensor
     00007080  _X_P0                              adc_sensor
     00007086  _X_U0CSR                           adc_sensor
     00007089  _X_P0IFG                           adc_sensor
     0000708A  _X_P1IFG                           adc_sensor
     0000708B  _X_P2IFG                           adc_sensor
     0000708C  _X_PICTL                           adc_sensor
     0000708D  _X_P1IEN                           adc_sensor
     0000708F  _X_P0INP                           adc_sensor
     00007090  _X_P1                              adc_sensor
     00007091  _X_RFIRQF1                         adc_sensor
     00007093  _X_MPAGE                           adc_sensor
     00007093  _X__XPAGE                          adc_sensor
     00007094  _X_T2CTRL                          adc_sensor
     00007095  _X_ST0                             adc_sensor
     00007096  _X_ST1                             adc_sensor
     00007097  _X_ST2                             adc_sensor
     0000709C  _X_T2EVTCFG                        adc_sensor
     0000709D  _X_SLEEPSTA                        adc_sensor
     0000709E  _X_CLKCONSTA                       adc_sensor
     0000709F  _X_FMAP                            adc_sensor
     0000709F  _X_PSBANK                          adc_sensor
     000070A0  _X_P2                              adc_sensor
     000070A1  _X_T2IRQF                          adc_sensor
     000070A2  _X_T2M0                            adc_sensor
     000070A3  _X_T2M1                            adc_sensor
     000070A4  _X_T2MOVF0                         adc_sensor
     000070A5  _X_T2MOVF1                         adc_sensor
     000070A6  _X_T2MOVF2                         adc_sensor
     000070A7  _X_T2IRQM                          adc_sensor
     000070AB  _X_P0IEN                           adc_sensor
     000070AC  _X_P2IEN                           adc_sensor
     000070AD  _X_STLOAD                          adc_sensor
     000070AE  _X_PMUX                            adc_sensor
     000070AF  _X_T1STAT                          adc_sensor
     000070B1  _X_ENCDI                           adc_sensor
ASxxxx Linker V03.00 + NoICE + sdld,  page 12.
Hexadecimal  [32-Bits]

Area                                    Addr        Size        Decimal Bytes (Attributes)
--------------------------------        ----        ----        ------- ----- ------------
.  .ABS.                            00000000    00000000 =           0. bytes (ABS,CON)

      Value  Global                              Global Defined In Module
      -----  --------------------------------   ------------------------
     000070B2  _X_ENCDO                           adc_sensor
     000070B3  _X_ENCCS                           adc_sensor
     000070B4  _X_ADCCON1                         adc_sensor
     000070B5  _X_ADCCON2                         adc_sensor
     000070B6  _X_ADCCON3                         adc_sensor
     000070BA  _X_ADCL                            adc_sensor
     000070BB  _X_ADCH                            adc_sensor
     000070BC  _X_RNDL                            adc_sensor
     000070BD  _X_RNDH                            adc_sensor
     000070BE  _X_SLEEPCMD                        adc_sensor
     000070BF  _X_RFERRF                          adc_sensor
     000070C1  _X_U0DBUF                          adc_sensor
     000070C2  _X_U0BAUD                          adc_sensor
     000070C3  _X_T2MSEL                          adc_sensor
     000070C4  _X_U0UCR                           adc_sensor
     000070C5  _X_U0GCR                           adc_sensor
     000070C6  _X_CLKCONCMD                       adc_sensor
     000070C7  _X_MEMCTR                          adc_sensor
     000070C9  _X_WDCTL                           adc_sensor
     000070CA  _X_T3CNT                           adc_sensor
     000070CB  _X_T3CTL                           adc_sensor
     000070CC  _X_T3CCTL0                         adc_sensor
     000070CD  _X_T3CC0                           adc_sensor
     000070CE  _X_T3CCTL1                         adc_sensor
     000070CF  _X_T3CC1                           adc_sensor
     000070D1  _X_DMAIRQ                          adc_sensor
     000070D2  _X_DMA1CFGL                        adc_sensor
     000070D3  _X_DMA1CFGH                        adc_sensor
     000070D4  _X_DMA0CFGL                        adc_sensor
     000070D5  _X_DMA0CFGH                        adc_sensor
     000070D6  _X_DMAARM                          adc_sensor
     000070D7  _X_DMAREQ                          adc_sensor
     000070D8  _X_TIMIF                           adc_sensor
     000070D9  _X_RFD                             adc_sensor
     000070DA  _X_T1CC0L                          adc_sensor
     000070DB  _X_T1CC0H                          adc_sensor
     000070DC  _X_T1CC1L                          adc_sensor
     000070DD  _X_T1CC1H                          adc_sensor
     000070DE  _X_T1CC2L                          adc_sensor
     000070DF  _X_T1CC2H                          adc_sensor
     000070E1  _X_RFST                            adc_sensor
     000070E2  _X_T1CNTL                          adc_sensor
     000070E3  _X_T1CNTH                          adc_sensor
     000070E4  _X_T1CTL                           adc_sensor
     000070E5  _X_T1CCTL0                         adc_sensor
     000070E6  _X_T1CCTL1                         adc_sensor
     000070E7  _X_T1CCTL2                         adc_sensor
     000070E9  _X_RFIRQF0                         adc_sensor
     000070EA  _X_T4CNT                           adc_sensor
     000070EB  _X_T4CTL                           adc_sensor
     000070EC  _X_T4CCTL0                         adc_sensor
ASxxxx Linker V03.00 + NoICE + sdld,  page 13.
Hexadecimal  [32-Bits]

Area                                    Addr        Size        Decimal Bytes (Attributes)
--------------------------------        ----        ----        ------- ----- ------------
.  .ABS.                            00000000    00000000 =           0. bytes (ABS,CON)

      Value  Global                              Global Defined In Module
      -----  --------------------------------   ------------------------
     000070ED  _X_T4CC0                           adc_sensor
     000070EE  _X_T4CCTL1                         adc_sensor
     000070EF  _X_T4CC1                           adc_sensor
     000070F1  _X_PERCFG                          adc_sensor
     000070F2  _X_APCFG                           adc_sensor
     000070F3  _X_P0SEL                           adc_sensor
     000070F4  _X_P1SEL                           adc_sensor
     000070F5  _X_P2SEL                           adc_sensor
     000070F6  _X_P1INP                           adc_sensor
     000070F7  _X_P2INP                           adc_sensor
     000070F8  _X_U1CSR                           adc_sensor
     000070F9  _X_U1DBUF                          adc_sensor
     000070FA  _X_U1BAUD                          adc_sensor
     000070FB  _X_U1UCR                           adc_sensor
     000070FC  _X_U1GCR                           adc_sensor
     000070FD  _X_P0DIR                           adc_sensor
     000070FE  _X_P1DIR                           adc_sensor
     000070FF  _X_P2DIR                           adc_sensor
     00007800  _X_INFOPAGE                        adc_sensor
     0000780C  _X_IEEE_ADDR                       adc_sensor

ASxxxx Linker V03.00 + NoICE + sdld,  page 14.
Hexadecimal  [32-Bits]

Area                                    Addr        Size        Decimal Bytes (Attributes)
--------------------------------        ----        ----        ------- ----- ------------
REG_BANK_0                          00000000    00000008 =           8. bytes (REL,OVR)

      Value  Global                              Global Defined In Module
      -----  --------------------------------   ------------------------
ASxxxx Linker V03.00 + NoICE + sdld,  page 15.
Hexadecimal  [32-Bits]

Area                                    Addr        Size        Decimal Bytes (Attributes)
--------------------------------        ----        ----        ------- ----- ------------
BIT_BANK                            00000020    00000001 =           1. bytes (REL,OVR)

      Value  Global                              Global Defined In Module
      -----  --------------------------------   ------------------------
ASxxxx Linker V03.00 + NoICE + sdld,  page 16.
Hexadecimal  [32-Bits]

Area                                    Addr        Size        Decimal Bytes (Attributes)
--------------------------------        ----        ----        ------- ----- ------------
DSEG                                00000000    00000074 =         116. bytes (REL,CON)

      Value  Global                              Global Defined In Module
      -----  --------------------------------   ------------------------
     00000013  _bp                                _bp

ASxxxx Linker V03.00 + NoICE + sdld,  page 17.
Hexadecimal  [32-Bits]

Area                                    Addr        Size        Decimal Bytes (Attributes)
--------------------------------        ----        ----        ------- ----- ------------
SSEG                                00000021    000000DF =         223. bytes (REL,OVR)

      Value  Global                              Global Defined In Module
      -----  --------------------------------   ------------------------
     00000021  __start__stack                     contiki_main

ASxxxx Linker V03.00 + NoICE + sdld,  page 18.
Hexadecimal  [32-Bits]

Area                                    Addr        Size        Decimal Bytes (Attributes)
--------------------------------        ----        ----        ------- ----- ------------
XSEG                                00000000    00000AB8 =        2744. bytes (REL,CON,XDATA)

      Value  Global                              Global Defined In Module
      -----  --------------------------------   ------------------------
D:   000000AF  _serial_line_event_message         serial_line
D:   00000222  _sleep_flag                        clock
D:   00000223  _packetbuf_attrs                   packetbuf
D:   00000253  _packetbuf_addrs                   packetbuf
D:   00000315  _rimeaddr_node_addr                rimeaddr
D:   00000AAF  _sensors_event                     sensors
D:   00000AB5  _sensors_flags                     smartrf_sensors

ASxxxx Linker V03.00 + NoICE + sdld,  page 19.
Hexadecimal  [32-Bits]

Area                                    Addr        Size        Decimal Bytes (Attributes)
--------------------------------        ----        ----        ------- ----- ------------
XISEG                               00000ABC    000000A3 =         163. bytes (REL,CON,XDATA)

      Value  Global                              Global Defined In Module
      -----  --------------------------------   ------------------------
D:   00000ABC  _button_blink_process              edm_bcast
D:   00000AC5  _etimer_process                    etimer
D:   00000ACE  _serial_line_process               serial_line
D:   00000AD7  _process_list                      process
D:   00000ADA  _process_current                   process
D:   00000B0A  _ctimer_process                    ctimer
D:   00000B43  _sensors_process                   sensors
D:   00000B4C  _sensors                           smartrf_sensors

ASxxxx Linker V03.00 + NoICE + sdld,  page 20.
Hexadecimal  [32-Bits]

Area                                    Addr        Size        Decimal Bytes (Attributes)
--------------------------------        ----        ----        ------- ----- ------------
HOME                                00000000    000000A1 =         161. bytes (REL,CON,CODE)

      Value  Global                              Global Defined In Module
      -----  --------------------------------   ------------------------
C:   0000006E  __sdcc_program_startup             contiki_main
C:   00000071  __sdcc_call_dptr                   
C:   00000073  ___gptr_cmp                        
ASxxxx Linker V03.00 + NoICE + sdld,  page 21.
Hexadecimal  [32-Bits]

Area                                    Addr        Size        Decimal Bytes (Attributes)
--------------------------------        ----        ----        ------- ----- ------------
GSINIT0                             000000A1    00000003 =           3. bytes (REL,CON,CODE)

      Value  Global                              Global Defined In Module
      -----  --------------------------------   ------------------------
C:   000000A1  __sdcc_gsinit_startup              

ASxxxx Linker V03.00 + NoICE + sdld,  page 22.
Hexadecimal  [32-Bits]

Area                                    Addr        Size        Decimal Bytes (Attributes)
--------------------------------        ----        ----        ------- ----- ------------
GSINIT2                             000000A4    0000000A =          10. bytes (REL,CON,CODE)

      Value  Global                              Global Defined In Module
      -----  --------------------------------   ------------------------
ASxxxx Linker V03.00 + NoICE + sdld,  page 23.
Hexadecimal  [32-Bits]

Area                                    Addr        Size        Decimal Bytes (Attributes)
--------------------------------        ----        ----        ------- ----- ------------
GSINIT3                             000000AE    00000022 =          34. bytes (REL,CON,CODE)

      Value  Global                              Global Defined In Module
      -----  --------------------------------   ------------------------
C:   000000AE  __mcs51_genXINIT                   

ASxxxx Linker V03.00 + NoICE + sdld,  page 24.
Hexadecimal  [32-Bits]

Area                                    Addr        Size        Decimal Bytes (Attributes)
--------------------------------        ----        ----        ------- ----- ------------
GSINIT4                             000000D0    0000002A =          42. bytes (REL,CON,CODE)

      Value  Global                              Global Defined In Module
      -----  --------------------------------   ------------------------
C:   000000D0  __mcs51_genRAMCLEAR                
C:   000000D6  __mcs51_genXRAMCLEAR               

ASxxxx Linker V03.00 + NoICE + sdld,  page 25.
Hexadecimal  [32-Bits]

Area                                    Addr        Size        Decimal Bytes (Attributes)
--------------------------------        ----        ----        ------- ----- ------------
GSINIT                              000000FA    0000001D =          29. bytes (REL,CON,CODE)

      Value  Global                              Global Defined In Module
      -----  --------------------------------   ------------------------
ASxxxx Linker V03.00 + NoICE + sdld,  page 26.
Hexadecimal  [32-Bits]

Area                                    Addr        Size        Decimal Bytes (Attributes)
--------------------------------        ----        ----        ------- ----- ------------
GSFINAL                             00000117    00000003 =           3. bytes (REL,CON,CODE)

      Value  Global                              Global Defined In Module
      -----  --------------------------------   ------------------------
ASxxxx Linker V03.00 + NoICE + sdld,  page 27.
Hexadecimal  [32-Bits]

Area                                    Addr        Size        Decimal Bytes (Attributes)
--------------------------------        ----        ----        ------- ----- ------------
CSEG                                0000011A    0000A192 =       41362. bytes (REL,CON,CODE)

      Value  Global                              Global Defined In Module
      -----  --------------------------------   ------------------------
C:   0000023E  _main                              contiki_main
C:   000006D7  _leds_init                         leds
C:   000006E4  _leds_blink                        leds
C:   00000706  _leds_get                          leds
C:   00000709  _leds_on                           leds
C:   00000720  _leds_off                          leds
C:   00000736  _leds_toggle                       leds
C:   00000739  _leds_invert                       leds
C:   00000746  _watchdog_init                     watchdog
C:   0000074A  _watchdog_start                    watchdog
C:   0000074E  _watchdog_periodic                 watchdog
C:   0000075F  _watchdog_reboot                   watchdog
C:   00000D40  _etimer_request_intr               etimer
C:   00000E8F  _etimer_set                        etimer
C:   00000EC3  _etimer_reset                      etimer
C:   00000EE1  _etimer_restart                    etimer
C:   00000EFF  _etimer_adjust                     etimer
C:   00000F49  _etimer_expired                    etimer
C:   00000F92  _etimer_expiration_time            etimer
C:   00000FC1  _etimer_start_time                 etimer
C:   00000FCE  _etimer_pending                    etimer
C:   00001007  _etimer_next_expiration_time       etimer
C:   00001026  _etimer_stop                       etimer
C:   00001172  _uart0_set_input                   uart_intr
C:   0000117E  _rtimer_init                       rtimer
C:   00001181  _rtimer_set                        rtimer
C:   0000122A  _rtimer_run_next                   rtimer
C:   000012F1  _serial_line_input_byte            serial_line
C:   000014F7  _serial_line_init                  serial_line
C:   0000152C  _process_alloc_event               process
C:   00001539  _process_start                     process
C:   00001AFC  _process_exit                      process
C:   00001B20  _process_init                      process
C:   00001D94  _process_run                       process
C:   00001DB7  _process_nevents                   process
C:   00001DCD  _process_post                      process
C:   00001E4F  _process_post_synch                process
C:   00001E9F  _process_interrupt                 process
C:   00001EDD  _process_is_running                process
C:   00001F08  _cc2530_rf_channel_set             cc2530_rf
C:   00001F36  _cc2530_rf_power_set               cc2530_rf
C:   00001F43  _cc2530_rf_set_addr                cc2530_rf
C:   00002243  _putstring                         debug
C:   0000226E  _puthex                            debug
C:   0000228D  _putbin                            debug
C:   000022BA  _putdec                            debug
C:   000022F3  _netstack_init                     netstack
C:   00002358  _energest_type_set                 energest
C:   00002359  _energest_init                     energest
C:   0000235A  _energest_type_time                energest
ASxxxx Linker V03.00 + NoICE + sdld,  page 28.
Hexadecimal  [32-Bits]

Area                                    Addr        Size        Decimal Bytes (Attributes)
--------------------------------        ----        ----        ------- ----- ------------
CSEG                                0000011A    0000A192 =       41362. bytes (REL,CON,CODE)

      Value  Global                              Global Defined In Module
      -----  --------------------------------   ------------------------
C:   00002361  _energest_flush                    energest
C:   00002362  _timer_set                         timer
C:   000023A8  _timer_reset                       timer
C:   000023E4  _timer_restart                     timer
C:   0000240C  _timer_expired                     timer
C:   0000246F  _timer_remaining                   timer
C:   000024B4  _autostart_start                   autostart
C:   00002531  _autostart_exit                    autostart
C:   000025A1  __gptrput                          _gptrput
C:   000025BC  _putchar                           putchar
C:   000025BF  _leds_arch_init                    leds_arch
C:   000025D4  _leds_arch_get                     leds_arch
C:   00002603  _leds_arch_set                     leds_arch
C:   00002636  _clock_delay_usec                  clock
C:   0000264F  _clock_wait                        clock
C:   00002688  _clock_time                        clock
C:   0000268F  _clock_seconds                     clock
C:   0000269F  _clock_init                        clock
C:   00002769  _clock_isr                         clock
C:   0000287A  _packetbuf_clear                   packetbuf
C:   000028AC  _packetbuf_clear_hdr               packetbuf
C:   000028B3  _packetbuf_copyfrom                packetbuf
C:   00002923  _packetbuf_compact                 packetbuf
C:   00002A43  _packetbuf_copyto_hdr              packetbuf
C:   00002AB8  _packetbuf_copyto                  packetbuf
C:   00002BCB  _packetbuf_hdralloc                packetbuf
C:   00002C18  _packetbuf_hdr_remove              packetbuf
C:   00002C26  _packetbuf_hdrreduce               packetbuf
C:   00002C5E  _packetbuf_set_datalen             packetbuf
C:   00002C6A  _packetbuf_dataptr                 packetbuf
C:   00002C95  _packetbuf_hdrptr                  packetbuf
C:   00002CB1  _packetbuf_reference               packetbuf
C:   00002CE0  _packetbuf_is_reference            packetbuf
C:   00002D28  _packetbuf_reference_ptr           packetbuf
C:   00002D3A  _packetbuf_datalen                 packetbuf
C:   00002D46  _packetbuf_hdrlen                  packetbuf
C:   00002D52  _packetbuf_totlen                  packetbuf
C:   00002D72  _packetbuf_attr_clear              packetbuf
C:   00002DE9  _packetbuf_attr_copyto             packetbuf
C:   00002E3D  _packetbuf_attr_copyfrom           packetbuf
C:   00002E87  _packetbuf_set_attr                packetbuf
C:   00002EA6  _packetbuf_attr                    packetbuf
C:   00002EBF  _packetbuf_set_addr                packetbuf
C:   00002EF4  _packetbuf_addr                    packetbuf
C:   00002F0D  _rtimer_arch_init                  rtimer_arch
C:   00002F1B  _rtimer_arch_schedule              rtimer_arch
C:   00002F34  _rtimer_isr                        rtimer_arch
C:   000030B8  _broadcast_open                    broadcast
C:   00003133  _broadcast_close                   broadcast
C:   00003136  _broadcast_send                    broadcast
C:   00003168  _uart0_init                        uart0
ASxxxx Linker V03.00 + NoICE + sdld,  page 29.
Hexadecimal  [32-Bits]

Area                                    Addr        Size        Decimal Bytes (Attributes)
--------------------------------        ----        ----        ------- ----- ------------
CSEG                                0000011A    0000A192 =       41362. bytes (REL,CON,CODE)

      Value  Global                              Global Defined In Module
      -----  --------------------------------   ------------------------
C:   00003193  _uart0_writeb                      uart0
C:   0000319F  _ringbuf_init                      ringbuf
C:   0000321E  _ringbuf_put                       ringbuf
C:   00003335  _ringbuf_get                       ringbuf
C:   00003410  _ringbuf_size                      ringbuf
C:   00003433  _ringbuf_elements                  ringbuf
C:   000037A6  _port_0_isr                        button_sensor
C:   000038FF  _rimeaddr_copy                     rimeaddr
C:   0000392F  _rimeaddr_cmp                      rimeaddr
C:   00003973  _rimeaddr_set_node_addr            rimeaddr
C:   0000398F  _memcpy                            _memcpy
C:   0000488E  _mac_call_sent_callback            mac
C:   000048D4  _random_rand                       random
C:   000048EA  _random_init                       random
C:   0000494E  _strchr                            _strchr
C:   00004CAC  _ctimer_init                       ctimer
C:   00004CDC  _ctimer_set                        ctimer
C:   00004E48  _ctimer_reset                      ctimer
C:   00004F01  _ctimer_restart                    ctimer
C:   00004FBA  _ctimer_stop                       ctimer
C:   0000506F  _ctimer_expired                    ctimer
C:   00005103  _rime_sniffer_add                  rime
C:   0000512A  _rime_sniffer_remove               rime
C:   0000536B  _rime_output                       rime
C:   000053CB  _soc_init                          soc
C:   000053D4  _list_init                         list
C:   000053E2  _list_head                         list
C:   000053F7  _list_copy                         list
C:   00005432  _list_tail                         list
C:   00005487  _list_add                          list
C:   00005534  _list_push                         list
C:   000055C3  _list_chop                         list
C:   0000570B  _list_pop                          list
C:   00005776  _list_remove                       list
C:   000058D2  _list_length                       list
C:   0000591E  _list_insert                       list
C:   000059CB  _list_item_next                    list
C:   000059FE  _abc_open                          abc
C:   00005A6B  _abc_close                         abc
C:   00005A6E  _abc_send                          abc
C:   00005A71  _abc_input                         abc
C:   00005ABF  _abc_sent                          abc
C:   00005B32  __gptrget                          _gptrget
C:   00005B4E  __modsint                          _modsint
C:   00005BBC  _announcement_init                 announcement
C:   00005BD0  _announcement_register             announcement
C:   00005D0F  _announcement_remove               announcement
C:   00005D36  _announcement_remove_value         announcement
C:   00005D9B  _announcement_set_value            announcement
C:   00005E69  _announcement_bump                 announcement
C:   00005EE4  _announcement_listen               announcement
ASxxxx Linker V03.00 + NoICE + sdld,  page 30.
Hexadecimal  [32-Bits]

Area                                    Addr        Size        Decimal Bytes (Attributes)
--------------------------------        ----        ----        ------- ----- ------------
CSEG                                0000011A    0000A192 =       41362. bytes (REL,CON,CODE)

      Value  Global                              Global Defined In Module
      -----  --------------------------------   ------------------------
C:   00005F08  _announcement_register_listen_ca   announcement
C:   00005F14  _announcement_register_observer_   announcement
C:   00005F20  _announcement_list                 announcement
C:   00005F34  _announcement_heard                announcement
C:   00006050  __moduint                          _moduint
C:   00006868  _memb_init                         memb
C:   0000695C  _memb_alloc                        memb
C:   00006AA8  _memb_free                         memb
C:   00006C29  _memb_inmemb                       memb
C:   00006D5F  _queuebuf_init                     queuebuf
C:   00006D7A  _queuebuf_new_from_packetbuf       queuebuf
C:   00006F58  _queuebuf_update_attr_from_packe   queuebuf
C:   00006F87  _queuebuf_free                     queuebuf
C:   00007052  _queuebuf_to_packetbuf             queuebuf
C:   0000723B  _queuebuf_dataptr                  queuebuf
C:   000072E5  _queuebuf_datalen                  queuebuf
C:   000072F5  _queuebuf_addr                     queuebuf
C:   0000731A  _queuebuf_attr                     queuebuf
C:   00007349  _queuebuf_debug_print              queuebuf
C:   0000734A  _chameleon_init                    chameleon
C:   0000734D  _chameleon_parse                   chameleon
C:   000073A1  _chameleon_create                  chameleon
C:   00007409  _chameleon_hdrsize                 chameleon
C:   0000742A  _channel_init                      channel
C:   0000743E  _channel_set_attributes            channel
C:   000074A1  _channel_open                      channel
C:   000074E6  _channel_close                     channel
C:   0000750D  _channel_lookup                    channel
C:   0000759D  __sdcc_external_startup            _startup
C:   00007A47  _broadcast_announcement_init       broadcast_announcement
C:   00007A98  _broadcast_announcement_stop       broadcast_announcement
C:   00007AB3  _broadcast_announcement_beacon_i   broadcast_announcement
C:   00007B66  _sensors_first                     sensors
C:   00007B78  _sensors_next                      sensors
C:   00007BB2  _sensors_changed                   sensors
C:   00007BD9  _sensors_find                      sensors
C:   00007F7D  __mulint                           _mulint
C:   00008055  _memcmp                            _memcmp
C:   00008148  _strncmp                           _strncmp
C:   0000820E  _memset                            _memset
C:   0000893C  _frame802154_hdrlen                frame802154
C:   000089B8  _frame802154_create                frame802154
C:   00008E0C  _frame802154_parse                 frame802154
C:   000094ED  _strlen                            _strlen
C:   00009505  _get_bits_in_byte                  chameleon_bitopt
C:   00009579  _get_bits                          chameleon_bitopt
C:   0000987B  _set_bits_in_byte                  chameleon_bitopt
C:   0000991E  _set_bits                          chameleon_bitopt
C:   0000A17F  __divsint                          _divsint
C:   0000A25F  __divuint                          _divuint

ASxxxx Linker V03.00 + NoICE + sdld,  page 31.
Hexadecimal  [32-Bits]

Area                                    Addr        Size        Decimal Bytes (Attributes)
--------------------------------        ----        ----        ------- ----- ------------
CONST                               0000A2AC    0000013F =         319. bytes (REL,CON,CODE)

      Value  Global                              Global Defined In Module
      -----  --------------------------------   ------------------------
C:   0000A2F9  _autostart_processes               edm_bcast
C:   0000A32B  _cc2530_rf_driver                  cc2530_rf
C:   0000A35B  _button_1_sensor                   button_sensor
C:   0000A364  _button_2_sensor                   button_sensor
C:   0000A36D  _button_3_sensor                   button_sensor
C:   0000A376  _button_4_sensor                   button_sensor
C:   0000A386  _rimeaddr_null                     rimeaddr
C:   0000A388  _csma_driver                       csma
C:   0000A39C  _rime_driver                       rime
C:   0000A3AA  _nullrdc_driver                    nullrdc
C:   0000A3CB  _framer_802154                     framer_802154
C:   0000A3D8  _chameleon_bitopt                  chameleon_bitopt
C:   0000A3DE  _adc_sensor                        adc_sensor

ASxxxx Linker V03.00 + NoICE + sdld,  page 32.
Hexadecimal  [32-Bits]

Area                                    Addr        Size        Decimal Bytes (Attributes)
--------------------------------        ----        ----        ------- ----- ------------
XINIT                               0000A3EB    000000A3 =         163. bytes (REL,CON,CODE)

      Value  Global                              Global Defined In Module
      -----  --------------------------------   ------------------------
ASxxxx Linker V03.00 + NoICE + sdld,  page 33.

Files Linked                              [ module(s) ]

obj_cc2530edm_aman/contiki-main.rel       [  ]
obj_cc2530edm_aman/edm_bcast.app.rel      [  ]


Libraries Linked                          [ object file ]

contiki-cc2530edm_aman.lib                [ obj_cc2530edm_aman/leds.rel ]
contiki-cc2530edm_aman.lib                [ obj_cc2530edm_aman/watchdog.rel ]
contiki-cc2530edm_aman.lib                [ obj_cc2530edm_aman/etimer.rel ]
contiki-cc2530edm_aman.lib                [ obj_cc2530edm_aman/uart-intr.rel ]
contiki-cc2530edm_aman.lib                [ obj_cc2530edm_aman/rtimer.rel ]
/usr/local/sdcc/bin/../share/sdcc/lib/large-stack-auto/mcs51.lib
                                          [ crtclear.rel ]
contiki-cc2530edm_aman.lib                [ obj_cc2530edm_aman/serial-line.r ]
contiki-cc2530edm_aman.lib                [ obj_cc2530edm_aman/process.rel ]
contiki-cc2530edm_aman.lib                [ obj_cc2530edm_aman/cc2530-rf.rel ]
/usr/local/sdcc/bin/../share/sdcc/lib/large-stack-auto/mcs51.lib
                                          [ crtxinit.rel ]
contiki-cc2530edm_aman.lib                [ obj_cc2530edm_aman/debug.rel ]
contiki-cc2530edm_aman.lib                [ obj_cc2530edm_aman/netstack.rel ]
contiki-cc2530edm_aman.lib                [ obj_cc2530edm_aman/energest.rel ]
contiki-cc2530edm_aman.lib                [ obj_cc2530edm_aman/timer.rel ]
contiki-cc2530edm_aman.lib                [ obj_cc2530edm_aman/autostart.rel ]
/usr/local/sdcc/bin/../share/sdcc/lib/large-stack-auto/libsdcc.lib
                                          [ _gptrput.rel ]
contiki-cc2530edm_aman.lib                [ obj_cc2530edm_aman/putchar.rel ]
contiki-cc2530edm_aman.lib                [ obj_cc2530edm_aman/leds-arch.rel ]
contiki-cc2530edm_aman.lib                [ obj_cc2530edm_aman/clock.rel ]
contiki-cc2530edm_aman.lib                [ obj_cc2530edm_aman/packetbuf.rel ]
contiki-cc2530edm_aman.lib                [ obj_cc2530edm_aman/rtimer-arch.r ]
contiki-cc2530edm_aman.lib                [ obj_cc2530edm_aman/broadcast.rel ]
contiki-cc2530edm_aman.lib                [ obj_cc2530edm_aman/uart0.rel ]
contiki-cc2530edm_aman.lib                [ obj_cc2530edm_aman/ringbuf.rel ]
/usr/local/sdcc/bin/../share/sdcc/lib/large-stack-auto/mcs51.lib
                                          [ crtxclear.rel ]
contiki-cc2530edm_aman.lib                [ obj_cc2530edm_aman/button-sensor ]
contiki-cc2530edm_aman.lib                [ obj_cc2530edm_aman/rimeaddr.rel ]
/usr/local/sdcc/bin/../share/sdcc/lib/large-stack-auto/libsdcc.lib
                                          [ _memcpy.rel ]
contiki-cc2530edm_aman.lib                [ obj_cc2530edm_aman/csma.rel ]
/usr/local/sdcc/bin/../share/sdcc/lib/large-stack-auto/mcs51.lib
                                          [ crtcall.rel ]
contiki-cc2530edm_aman.lib                [ obj_cc2530edm_aman/mac.rel ]
/usr/local/sdcc/bin/../share/sdcc/lib/large-stack-auto/libsdcc.lib
                                          [ _bp.rel ]
contiki-cc2530edm_aman.lib                [ obj_cc2530edm_aman/random.rel ]
/usr/local/sdcc/bin/../share/sdcc/lib/large-stack-auto/libsdcc.lib
                                          [ _strchr.rel ]
contiki-cc2530edm_aman.lib                [ obj_cc2530edm_aman/ctimer.rel ]
contiki-cc2530edm_aman.lib                [ obj_cc2530edm_aman/rime.rel ]
contiki-cc2530edm_aman.lib                [ obj_cc2530edm_aman/soc.rel ]
/usr/local/sdcc/bin/../share/sdcc/lib/large-stack-auto/mcs51.lib
                                          [ gptr_cmp.rel ]
contiki-cc2530edm_aman.lib                [ obj_cc2530edm_aman/list.rel ]
contiki-cc2530edm_aman.lib                [ obj_cc2530edm_aman/abc.rel ]
/usr/local/sdcc/bin/../share/sdcc/lib/large-stack-auto/mcs51.lib
                                          [ crtstart.rel ]
/usr/local/sdcc/bin/../share/sdcc/lib/large-stack-auto/libsdcc.lib
                                          [ _gptrget.rel ]
/usr/local/sdcc/bin/../share/sdcc/lib/large-stack-auto/libint.lib
                                          [ _modsint.rel ]
contiki-cc2530edm_aman.lib                [ obj_cc2530edm_aman/announcement. ]
/usr/local/sdcc/bin/../share/sdcc/lib/large-stack-auto/libint.lib
                                          [ _moduint.rel ]
contiki-cc2530edm_aman.lib                [ obj_cc2530edm_aman/nullrdc.rel ]
contiki-cc2530edm_aman.lib                [ obj_cc2530edm_aman/memb.rel ]
contiki-cc2530edm_aman.lib                [ obj_cc2530edm_aman/queuebuf.rel ]
contiki-cc2530edm_aman.lib                [ obj_cc2530edm_aman/chameleon.rel ]
contiki-cc2530edm_aman.lib                [ obj_cc2530edm_aman/channel.rel ]
/usr/local/sdcc/bin/../share/sdcc/lib/large-stack-auto/libsdcc.lib
                                          [ _startup.rel ]
contiki-cc2530edm_aman.lib                [ obj_cc2530edm_aman/broadcast-ann ]
contiki-cc2530edm_aman.lib                [ obj_cc2530edm_aman/sensors.rel ]
/usr/local/sdcc/bin/../share/sdcc/lib/large-stack-auto/libint.lib
                                          [ _mulint.rel ]
contiki-cc2530edm_aman.lib                [ obj_cc2530edm_aman/smartrf-senso ]
/usr/local/sdcc/bin/../share/sdcc/lib/large-stack-auto/libsdcc.lib
                                          [ _memcmp.rel ]
/usr/local/sdcc/bin/../share/sdcc/lib/large-stack-auto/libsdcc.lib
                                          [ _strncmp.rel ]
/usr/local/sdcc/bin/../share/sdcc/lib/large-stack-auto/libsdcc.lib
                                          [ _memset.rel ]
contiki-cc2530edm_aman.lib                [ obj_cc2530edm_aman/framer-802154 ]
contiki-cc2530edm_aman.lib                [ obj_cc2530edm_aman/frame802154.r ]
/usr/local/sdcc/bin/../share/sdcc/lib/large-stack-auto/libsdcc.lib
                                          [ _strlen.rel ]
contiki-cc2530edm_aman.lib                [ obj_cc2530edm_aman/chameleon-bit ]
/usr/local/sdcc/bin/../share/sdcc/lib/large-stack-auto/libint.lib
                                          [ _divsint.rel ]
contiki-cc2530edm_aman.lib                [ obj_cc2530edm_aman/adc-sensor.re ]
/usr/local/sdcc/bin/../share/sdcc/lib/large-stack-auto/libint.lib
                                          [ _divuint.rel ]

ASxxxx Linker V03.00 + NoICE + sdld,  page 34.

User Base Address Definitions

HOME = 0x0000
ISEG = 0x0000
BSEG = 0x0000

